ARM Linker, RVCT4.0 [Build 728] [Evaluation]

==============================================================================

Section Cross References

    startup.o(RESET) refers to startup.o(STACK) for Stack_Top
    startup.o(RESET) refers to entry.o(.ARM.Collect$$$$00000000) for __main
    uart.o(.text) refers to irq.o(.text) for install_irq
    uart.o(.text) refers to uart.o(.data) for .data
    uart.o(.text) refers to uart.o(.bss) for UART0Buffer
    gsm.o(.text) refers to serial.o(.text) for uart0_getkey
    gsm.o(.text) refers to lcd.o(.text) for lcd_putstring
    main.o(.text) refers to lcd.o(.text) for lcd_data_write
    main.o(.text) refers to serial.o(.text) for uart1_getkey
    main.o(.text) refers to adc.o(.text) for adc_read
    main.o(.text) refers to dflti.o(.text) for __aeabi_i2d
    main.o(.text) refers to dmul.o(.text) for __aeabi_dmul
    main.o(.text) refers to ddiv.o(.text) for __aeabi_ddiv
    main.o(.text) refers to d2f.o(.text) for __aeabi_d2f
    main.o(.text) refers to fmul.o(.text) for __aeabi_fmul
    main.o(.text) refers to f2d.o(.text) for __aeabi_f2d
    main.o(.text) refers to printfa.o(i.__0sprintf) for __2sprintf
    main.o(.text) refers to strcat.o(.text) for strcat
    main.o(.text) refers to uart.o(.text) for UARTSend
    main.o(.text) refers to cfrcmple.o(.text) for __aeabi_cfrcmple
    main.o(.text) refers to gsm.o(.text) for sendSMS
    main.o(.text) refers to main.o(.bss) for WIFI_D
    main.o(.text) refers to strcpy.o(.text) for strcpy
    main.o(.text) refers to irq.o(.text) for init_VIC
    entry.o(.ARM.Collect$$$$00000000) refers (Special) to entry7.o(.ARM.Collect$$$$00000007) for _main_init
    entry.o(.ARM.Collect$$$$00000000) refers (Special) to entry5.o(.ARM.Collect$$$$00000004) for _main_scatterload
    entry.o(.ARM.Collect$$$$00000000) refers (Special) to entry2.o(.ARM.Collect$$$$00000001) for _main_stk
    printfb.o(i.__0fprintf$bare) refers to printfb.o(i._printf_core) for _printf_core
    printfb.o(i.__0fprintf$bare) refers to fputc.o(i.fputc) for fputc
    printfb.o(i.__0printf$bare) refers to printfb.o(i._printf_core) for _printf_core
    printfb.o(i.__0printf$bare) refers to fputc.o(i.fputc) for fputc
    printfb.o(i.__0printf$bare) refers to stdout.o(.data) for __stdout
    printfb.o(i.__0snprintf$bare) refers to printfb.o(i._printf_core) for _printf_core
    printfb.o(i.__0snprintf$bare) refers to printfb.o(i._snputc) for _snputc
    printfb.o(i.__0sprintf$bare) refers to printfb.o(i._printf_core) for _printf_core
    printfb.o(i.__0sprintf$bare) refers to printfb.o(i._sputc) for _sputc
    printfb.o(i.__0vfprintf$bare) refers to printfb.o(i._printf_core) for _printf_core
    printfb.o(i.__0vfprintf$bare) refers to fputc.o(i.fputc) for fputc
    printfb.o(i.__0vprintf$bare) refers to printfb.o(i._printf_core) for _printf_core
    printfb.o(i.__0vprintf$bare) refers to fputc.o(i.fputc) for fputc
    printfb.o(i.__0vprintf$bare) refers to stdout.o(.data) for __stdout
    printfb.o(i.__0vsnprintf$bare) refers to printfb.o(i._printf_core) for _printf_core
    printfb.o(i.__0vsnprintf$bare) refers to printfb.o(i._snputc) for _snputc
    printfb.o(i.__0vsprintf$bare) refers to printfb.o(i._printf_core) for _printf_core
    printfb.o(i.__0vsprintf$bare) refers to printfb.o(i._sputc) for _sputc
    printf0.o(i.__0fprintf$0) refers to printf0.o(i._printf_core) for _printf_core
    printf0.o(i.__0fprintf$0) refers to fputc.o(i.fputc) for fputc
    printf0.o(i.__0printf$0) refers to printf0.o(i._printf_core) for _printf_core
    printf0.o(i.__0printf$0) refers to fputc.o(i.fputc) for fputc
    printf0.o(i.__0printf$0) refers to stdout.o(.data) for __stdout
    printf0.o(i.__0snprintf$0) refers to printf0.o(i._printf_core) for _printf_core
    printf0.o(i.__0snprintf$0) refers to printf0.o(i._snputc) for _snputc
    printf0.o(i.__0sprintf$0) refers to printf0.o(i._printf_core) for _printf_core
    printf0.o(i.__0sprintf$0) refers to printf0.o(i._sputc) for _sputc
    printf0.o(i.__0vfprintf$0) refers to printf0.o(i._printf_core) for _printf_core
    printf0.o(i.__0vfprintf$0) refers to fputc.o(i.fputc) for fputc
    printf0.o(i.__0vprintf$0) refers to printf0.o(i._printf_core) for _printf_core
    printf0.o(i.__0vprintf$0) refers to fputc.o(i.fputc) for fputc
    printf0.o(i.__0vprintf$0) refers to stdout.o(.data) for __stdout
    printf0.o(i.__0vsnprintf$0) refers to printf0.o(i._printf_core) for _printf_core
    printf0.o(i.__0vsnprintf$0) refers to printf0.o(i._snputc) for _snputc
    printf0.o(i.__0vsprintf$0) refers to printf0.o(i._printf_core) for _printf_core
    printf0.o(i.__0vsprintf$0) refers to printf0.o(i._sputc) for _sputc
    printf1.o(i.__0fprintf$1) refers to printf1.o(i._printf_core) for _printf_core
    printf1.o(i.__0fprintf$1) refers to fputc.o(i.fputc) for fputc
    printf1.o(i.__0printf$1) refers to printf1.o(i._printf_core) for _printf_core
    printf1.o(i.__0printf$1) refers to fputc.o(i.fputc) for fputc
    printf1.o(i.__0printf$1) refers to stdout.o(.data) for __stdout
    printf1.o(i.__0snprintf$1) refers to printf1.o(i._printf_core) for _printf_core
    printf1.o(i.__0snprintf$1) refers to printf1.o(i._snputc) for _snputc
    printf1.o(i.__0sprintf$1) refers to printf1.o(i._printf_core) for _printf_core
    printf1.o(i.__0sprintf$1) refers to printf1.o(i._sputc) for _sputc
    printf1.o(i.__0vfprintf$1) refers to printf1.o(i._printf_core) for _printf_core
    printf1.o(i.__0vfprintf$1) refers to fputc.o(i.fputc) for fputc
    printf1.o(i.__0vprintf$1) refers to printf1.o(i._printf_core) for _printf_core
    printf1.o(i.__0vprintf$1) refers to fputc.o(i.fputc) for fputc
    printf1.o(i.__0vprintf$1) refers to stdout.o(.data) for __stdout
    printf1.o(i.__0vsnprintf$1) refers to printf1.o(i._printf_core) for _printf_core
    printf1.o(i.__0vsnprintf$1) refers to printf1.o(i._snputc) for _snputc
    printf1.o(i.__0vsprintf$1) refers to printf1.o(i._printf_core) for _printf_core
    printf1.o(i.__0vsprintf$1) refers to printf1.o(i._sputc) for _sputc
    printf1.o(i._printf_core) refers to uidiv.o(.text) for __aeabi_uidivmod
    printf2.o(i.__0fprintf$2) refers to printf2.o(i._printf_core) for _printf_core
    printf2.o(i.__0fprintf$2) refers to fputc.o(i.fputc) for fputc
    printf2.o(i.__0printf$2) refers to printf2.o(i._printf_core) for _printf_core
    printf2.o(i.__0printf$2) refers to fputc.o(i.fputc) for fputc
    printf2.o(i.__0printf$2) refers to stdout.o(.data) for __stdout
    printf2.o(i.__0snprintf$2) refers to printf2.o(i._printf_core) for _printf_core
    printf2.o(i.__0snprintf$2) refers to printf2.o(i._snputc) for _snputc
    printf2.o(i.__0sprintf$2) refers to printf2.o(i._printf_core) for _printf_core
    printf2.o(i.__0sprintf$2) refers to printf2.o(i._sputc) for _sputc
    printf2.o(i.__0vfprintf$2) refers to printf2.o(i._printf_core) for _printf_core
    printf2.o(i.__0vfprintf$2) refers to fputc.o(i.fputc) for fputc
    printf2.o(i.__0vprintf$2) refers to printf2.o(i._printf_core) for _printf_core
    printf2.o(i.__0vprintf$2) refers to fputc.o(i.fputc) for fputc
    printf2.o(i.__0vprintf$2) refers to stdout.o(.data) for __stdout
    printf2.o(i.__0vsnprintf$2) refers to printf2.o(i._printf_core) for _printf_core
    printf2.o(i.__0vsnprintf$2) refers to printf2.o(i._snputc) for _snputc
    printf2.o(i.__0vsprintf$2) refers to printf2.o(i._printf_core) for _printf_core
    printf2.o(i.__0vsprintf$2) refers to printf2.o(i._sputc) for _sputc
    printf3.o(i.__0fprintf$3) refers to printf3.o(i._printf_core) for _printf_core
    printf3.o(i.__0fprintf$3) refers to fputc.o(i.fputc) for fputc
    printf3.o(i.__0printf$3) refers to printf3.o(i._printf_core) for _printf_core
    printf3.o(i.__0printf$3) refers to fputc.o(i.fputc) for fputc
    printf3.o(i.__0printf$3) refers to stdout.o(.data) for __stdout
    printf3.o(i.__0snprintf$3) refers to printf3.o(i._printf_core) for _printf_core
    printf3.o(i.__0snprintf$3) refers to printf3.o(i._snputc) for _snputc
    printf3.o(i.__0sprintf$3) refers to printf3.o(i._printf_core) for _printf_core
    printf3.o(i.__0sprintf$3) refers to printf3.o(i._sputc) for _sputc
    printf3.o(i.__0vfprintf$3) refers to printf3.o(i._printf_core) for _printf_core
    printf3.o(i.__0vfprintf$3) refers to fputc.o(i.fputc) for fputc
    printf3.o(i.__0vprintf$3) refers to printf3.o(i._printf_core) for _printf_core
    printf3.o(i.__0vprintf$3) refers to fputc.o(i.fputc) for fputc
    printf3.o(i.__0vprintf$3) refers to stdout.o(.data) for __stdout
    printf3.o(i.__0vsnprintf$3) refers to printf3.o(i._printf_core) for _printf_core
    printf3.o(i.__0vsnprintf$3) refers to printf3.o(i._snputc) for _snputc
    printf3.o(i.__0vsprintf$3) refers to printf3.o(i._printf_core) for _printf_core
    printf3.o(i.__0vsprintf$3) refers to printf3.o(i._sputc) for _sputc
    printf3.o(i._printf_core) refers to uidiv.o(.text) for __aeabi_uidivmod
    printf4.o(i.__0fprintf$4) refers to printf4.o(i._printf_core) for _printf_core
    printf4.o(i.__0fprintf$4) refers to fputc.o(i.fputc) for fputc
    printf4.o(i.__0printf$4) refers to printf4.o(i._printf_core) for _printf_core
    printf4.o(i.__0printf$4) refers to fputc.o(i.fputc) for fputc
    printf4.o(i.__0printf$4) refers to stdout.o(.data) for __stdout
    printf4.o(i.__0snprintf$4) refers to printf4.o(i._printf_core) for _printf_core
    printf4.o(i.__0snprintf$4) refers to printf4.o(i._snputc) for _snputc
    printf4.o(i.__0sprintf$4) refers to printf4.o(i._printf_core) for _printf_core
    printf4.o(i.__0sprintf$4) refers to printf4.o(i._sputc) for _sputc
    printf4.o(i.__0vfprintf$4) refers to printf4.o(i._printf_core) for _printf_core
    printf4.o(i.__0vfprintf$4) refers to fputc.o(i.fputc) for fputc
    printf4.o(i.__0vprintf$4) refers to printf4.o(i._printf_core) for _printf_core
    printf4.o(i.__0vprintf$4) refers to fputc.o(i.fputc) for fputc
    printf4.o(i.__0vprintf$4) refers to stdout.o(.data) for __stdout
    printf4.o(i.__0vsnprintf$4) refers to printf4.o(i._printf_core) for _printf_core
    printf4.o(i.__0vsnprintf$4) refers to printf4.o(i._snputc) for _snputc
    printf4.o(i.__0vsprintf$4) refers to printf4.o(i._printf_core) for _printf_core
    printf4.o(i.__0vsprintf$4) refers to printf4.o(i._sputc) for _sputc
    printf4.o(i._printf_core) refers to uldiv.o(.text) for __aeabi_uldivmod
    printf5.o(i.__0fprintf$5) refers to printf5.o(i._printf_core) for _printf_core
    printf5.o(i.__0fprintf$5) refers to fputc.o(i.fputc) for fputc
    printf5.o(i.__0printf$5) refers to printf5.o(i._printf_core) for _printf_core
    printf5.o(i.__0printf$5) refers to fputc.o(i.fputc) for fputc
    printf5.o(i.__0printf$5) refers to stdout.o(.data) for __stdout
    printf5.o(i.__0snprintf$5) refers to printf5.o(i._printf_core) for _printf_core
    printf5.o(i.__0snprintf$5) refers to printf5.o(i._snputc) for _snputc
    printf5.o(i.__0sprintf$5) refers to printf5.o(i._printf_core) for _printf_core
    printf5.o(i.__0sprintf$5) refers to printf5.o(i._sputc) for _sputc
    printf5.o(i.__0vfprintf$5) refers to printf5.o(i._printf_core) for _printf_core
    printf5.o(i.__0vfprintf$5) refers to fputc.o(i.fputc) for fputc
    printf5.o(i.__0vprintf$5) refers to printf5.o(i._printf_core) for _printf_core
    printf5.o(i.__0vprintf$5) refers to fputc.o(i.fputc) for fputc
    printf5.o(i.__0vprintf$5) refers to stdout.o(.data) for __stdout
    printf5.o(i.__0vsnprintf$5) refers to printf5.o(i._printf_core) for _printf_core
    printf5.o(i.__0vsnprintf$5) refers to printf5.o(i._snputc) for _snputc
    printf5.o(i.__0vsprintf$5) refers to printf5.o(i._printf_core) for _printf_core
    printf5.o(i.__0vsprintf$5) refers to printf5.o(i._sputc) for _sputc
    printf5.o(i._printf_core) refers to uldiv.o(.text) for __aeabi_uldivmod
    printf6.o(i.__0fprintf$6) refers to printf6.o(i._printf_core) for _printf_core
    printf6.o(i.__0fprintf$6) refers to fputc.o(i.fputc) for fputc
    printf6.o(i.__0printf$6) refers to printf6.o(i._printf_core) for _printf_core
    printf6.o(i.__0printf$6) refers to fputc.o(i.fputc) for fputc
    printf6.o(i.__0printf$6) refers to stdout.o(.data) for __stdout
    printf6.o(i.__0snprintf$6) refers to printf6.o(i._printf_core) for _printf_core
    printf6.o(i.__0snprintf$6) refers to printf6.o(i._snputc) for _snputc
    printf6.o(i.__0sprintf$6) refers to printf6.o(i._printf_core) for _printf_core
    printf6.o(i.__0sprintf$6) refers to printf6.o(i._sputc) for _sputc
    printf6.o(i.__0vfprintf$6) refers to printf6.o(i._printf_core) for _printf_core
    printf6.o(i.__0vfprintf$6) refers to fputc.o(i.fputc) for fputc
    printf6.o(i.__0vprintf$6) refers to printf6.o(i._printf_core) for _printf_core
    printf6.o(i.__0vprintf$6) refers to fputc.o(i.fputc) for fputc
    printf6.o(i.__0vprintf$6) refers to stdout.o(.data) for __stdout
    printf6.o(i.__0vsnprintf$6) refers to printf6.o(i._printf_core) for _printf_core
    printf6.o(i.__0vsnprintf$6) refers to printf6.o(i._snputc) for _snputc
    printf6.o(i.__0vsprintf$6) refers to printf6.o(i._printf_core) for _printf_core
    printf6.o(i.__0vsprintf$6) refers to printf6.o(i._sputc) for _sputc
    printf6.o(i._printf_core) refers to printf6.o(i._printf_pre_padding) for _printf_pre_padding
    printf6.o(i._printf_core) refers to uidiv.o(.text) for __aeabi_uidivmod
    printf6.o(i._printf_core) refers to printf6.o(i._printf_post_padding) for _printf_post_padding
    printf7.o(i.__0fprintf$7) refers to printf7.o(i._printf_core) for _printf_core
    printf7.o(i.__0fprintf$7) refers to fputc.o(i.fputc) for fputc
    printf7.o(i.__0printf$7) refers to printf7.o(i._printf_core) for _printf_core
    printf7.o(i.__0printf$7) refers to fputc.o(i.fputc) for fputc
    printf7.o(i.__0printf$7) refers to stdout.o(.data) for __stdout
    printf7.o(i.__0snprintf$7) refers to printf7.o(i._printf_core) for _printf_core
    printf7.o(i.__0snprintf$7) refers to printf7.o(i._snputc) for _snputc
    printf7.o(i.__0sprintf$7) refers to printf7.o(i._printf_core) for _printf_core
    printf7.o(i.__0sprintf$7) refers to printf7.o(i._sputc) for _sputc
    printf7.o(i.__0vfprintf$7) refers to printf7.o(i._printf_core) for _printf_core
    printf7.o(i.__0vfprintf$7) refers to fputc.o(i.fputc) for fputc
    printf7.o(i.__0vprintf$7) refers to printf7.o(i._printf_core) for _printf_core
    printf7.o(i.__0vprintf$7) refers to fputc.o(i.fputc) for fputc
    printf7.o(i.__0vprintf$7) refers to stdout.o(.data) for __stdout
    printf7.o(i.__0vsnprintf$7) refers to printf7.o(i._printf_core) for _printf_core
    printf7.o(i.__0vsnprintf$7) refers to printf7.o(i._snputc) for _snputc
    printf7.o(i.__0vsprintf$7) refers to printf7.o(i._printf_core) for _printf_core
    printf7.o(i.__0vsprintf$7) refers to printf7.o(i._sputc) for _sputc
    printf7.o(i._printf_core) refers to printf7.o(i._printf_pre_padding) for _printf_pre_padding
    printf7.o(i._printf_core) refers to uldiv.o(.text) for __aeabi_uldivmod
    printf7.o(i._printf_core) refers to printf7.o(i._printf_post_padding) for _printf_post_padding
    printf8.o(i.__0fprintf$8) refers to printf8.o(i._printf_core) for _printf_core
    printf8.o(i.__0fprintf$8) refers to fputc.o(i.fputc) for fputc
    printf8.o(i.__0printf$8) refers to printf8.o(i._printf_core) for _printf_core
    printf8.o(i.__0printf$8) refers to fputc.o(i.fputc) for fputc
    printf8.o(i.__0printf$8) refers to stdout.o(.data) for __stdout
    printf8.o(i.__0snprintf$8) refers to printf8.o(i._printf_core) for _printf_core
    printf8.o(i.__0snprintf$8) refers to printf8.o(i._snputc) for _snputc
    printf8.o(i.__0sprintf$8) refers to printf8.o(i._printf_core) for _printf_core
    printf8.o(i.__0sprintf$8) refers to printf8.o(i._sputc) for _sputc
    printf8.o(i.__0vfprintf$8) refers to printf8.o(i._printf_core) for _printf_core
    printf8.o(i.__0vfprintf$8) refers to fputc.o(i.fputc) for fputc
    printf8.o(i.__0vprintf$8) refers to printf8.o(i._printf_core) for _printf_core
    printf8.o(i.__0vprintf$8) refers to fputc.o(i.fputc) for fputc
    printf8.o(i.__0vprintf$8) refers to stdout.o(.data) for __stdout
    printf8.o(i.__0vsnprintf$8) refers to printf8.o(i._printf_core) for _printf_core
    printf8.o(i.__0vsnprintf$8) refers to printf8.o(i._snputc) for _snputc
    printf8.o(i.__0vsprintf$8) refers to printf8.o(i._printf_core) for _printf_core
    printf8.o(i.__0vsprintf$8) refers to printf8.o(i._sputc) for _sputc
    printf8.o(i._printf_core) refers to printf8.o(i._printf_pre_padding) for _printf_pre_padding
    printf8.o(i._printf_core) refers to uldiv.o(.text) for __aeabi_uldivmod
    printf8.o(i._printf_core) refers to printf8.o(i._printf_post_padding) for _printf_post_padding
    printfa.o(i.__0fprintf) refers (Special) to iusefp.o(.text) for __I$use$fp
    printfa.o(i.__0fprintf) refers to printfa.o(i._printf_core) for _printf_core
    printfa.o(i.__0fprintf) refers to fputc.o(i.fputc) for fputc
    printfa.o(i.__0printf) refers (Special) to iusefp.o(.text) for __I$use$fp
    printfa.o(i.__0printf) refers to printfa.o(i._printf_core) for _printf_core
    printfa.o(i.__0printf) refers to fputc.o(i.fputc) for fputc
    printfa.o(i.__0printf) refers to stdout.o(.data) for __stdout
    printfa.o(i.__0snprintf) refers (Special) to iusefp.o(.text) for __I$use$fp
    printfa.o(i.__0snprintf) refers to printfa.o(i._printf_core) for _printf_core
    printfa.o(i.__0snprintf) refers to printfa.o(i._snputc) for _snputc
    printfa.o(i.__0sprintf) refers (Special) to iusefp.o(.text) for __I$use$fp
    printfa.o(i.__0sprintf) refers to printfa.o(i._printf_core) for _printf_core
    printfa.o(i.__0sprintf) refers to printfa.o(i._sputc) for _sputc
    printfa.o(i.__0vfprintf) refers (Special) to iusefp.o(.text) for __I$use$fp
    printfa.o(i.__0vfprintf) refers to printfa.o(i._printf_core) for _printf_core
    printfa.o(i.__0vfprintf) refers to fputc.o(i.fputc) for fputc
    printfa.o(i.__0vprintf) refers (Special) to iusefp.o(.text) for __I$use$fp
    printfa.o(i.__0vprintf) refers to printfa.o(i._printf_core) for _printf_core
    printfa.o(i.__0vprintf) refers to fputc.o(i.fputc) for fputc
    printfa.o(i.__0vprintf) refers to stdout.o(.data) for __stdout
    printfa.o(i.__0vsnprintf) refers (Special) to iusefp.o(.text) for __I$use$fp
    printfa.o(i.__0vsnprintf) refers to printfa.o(i._printf_core) for _printf_core
    printfa.o(i.__0vsnprintf) refers to printfa.o(i._snputc) for _snputc
    printfa.o(i.__0vsprintf) refers (Special) to iusefp.o(.text) for __I$use$fp
    printfa.o(i.__0vsprintf) refers to printfa.o(i._printf_core) for _printf_core
    printfa.o(i.__0vsprintf) refers to printfa.o(i._sputc) for _sputc
    printfa.o(i._fp_digits) refers (Special) to iusefp.o(.text) for __I$use$fp
    printfa.o(i._fp_digits) refers to dmul.o(.text) for __aeabi_dmul
    printfa.o(i._fp_digits) refers to ddiv.o(.text) for __aeabi_ddiv
    printfa.o(i._fp_digits) refers to cdrcmple.o(.text) for __aeabi_cdrcmple
    printfa.o(i._fp_digits) refers to dadd.o(.text) for __aeabi_dadd
    printfa.o(i._fp_digits) refers to dfixul.o(.text) for __aeabi_d2ulz
    printfa.o(i._fp_digits) refers to uldiv.o(.text) for __aeabi_uldivmod
    printfa.o(i._printf_core) refers (Special) to iusefp.o(.text) for __I$use$fp
    printfa.o(i._printf_core) refers to printfa.o(i._printf_pre_padding) for _printf_pre_padding
    printfa.o(i._printf_core) refers to uldiv.o(.text) for __aeabi_uldivmod
    printfa.o(i._printf_core) refers to printfa.o(i._printf_post_padding) for _printf_post_padding
    printfa.o(i._printf_core) refers to printfa.o(i._fp_digits) for _fp_digits
    printfa.o(i._printf_core) refers to uidiv.o(.text) for __aeabi_uidivmod
    printfa.o(i._printf_post_padding) refers (Special) to iusefp.o(.text) for __I$use$fp
    printfa.o(i._printf_pre_padding) refers (Special) to iusefp.o(.text) for __I$use$fp
    printfa.o(i._snputc) refers (Special) to iusefp.o(.text) for __I$use$fp
    printfa.o(i._sputc) refers (Special) to iusefp.o(.text) for __I$use$fp
    fmul.o(.text) refers (Special) to iusefp.o(.text) for __I$use$fp
    dmul.o(.text) refers (Special) to iusefp.o(.text) for __I$use$fp
    dmul.o(.text) refers to depilogue.o(.text) for _double_epilogue
    ddiv.o(.text) refers (Special) to iusefp.o(.text) for __I$use$fp
    ddiv.o(.text) refers to depilogue.o(.text) for _double_round
    dflti.o(.text) refers (Special) to iusefp.o(.text) for __I$use$fp
    dflti.o(.text) refers to depilogue.o(.text) for _double_epilogue
    f2d.o(.text) refers (Special) to iusefp.o(.text) for __I$use$fp
    d2f.o(.text) refers (Special) to iusefp.o(.text) for __I$use$fp
    d2f.o(.text) refers to fepilogue.o(.text) for _float_round
    cfrcmple.o(.text) refers (Special) to iusefp.o(.text) for __I$use$fp
    entry2.o(.ARM.Collect$$$$00000001) refers to entry2.o(.ARM.Collect$$$$00002712) for __lit__00000000
    entry2.o(.ARM.Collect$$$$00002712) refers to startup.o(STACK) for __initial_sp
    entry5.o(.ARM.Collect$$$$00000004) refers to init.o(.text) for __scatterload
    entry7.o(.ARM.Collect$$$$00000007) refers to main.o(.text) for main
    fputc.o(i.fputc) refers (Special) to iusesemip.o(.text) for __I$use$semihosting$fputc
    uldiv.o(.text) refers to llushr.o(.text) for __aeabi_llsr
    uldiv.o(.text) refers to llshl.o(.text) for __aeabi_llsl
    depilogue.o(.text) refers to depilogue.o(i.__ARM_clz) for __ARM_clz
    depilogue.o(.text) refers to llshl.o(.text) for __aeabi_llsl
    depilogue.o(.text) refers to llushr.o(.text) for __aeabi_llsr
    dadd.o(.text) refers to llshl.o(.text) for __aeabi_llsl
    dadd.o(.text) refers to llsshr.o(.text) for __aeabi_lasr
    dadd.o(.text) refers to depilogue.o(.text) for _double_epilogue
    dfixul.o(.text) refers to llshl.o(.text) for __aeabi_llsl
    dfixul.o(.text) refers to llushr.o(.text) for __aeabi_llsr
    init.o(.text) refers to entry5.o(.ARM.Collect$$$$00000004) for __main_after_scatterload


==============================================================================

Removing Unused input sections from the image.

    Removing startup.o(HEAP), (0 bytes).
    Removing irq.o(.data), (4 bytes).
    Removing main.o(.data), (12 bytes).

3 unused section(s) (total 16 bytes) removed from the image.

==============================================================================

Image Symbol Table

    Local Symbols

    Symbol Name                              Value     Ov Type        Size  Object(Section)

    RESET                                    0x00000000   Section      264  startup.o(RESET)
    ../../microlib/d2f.c                     0x00000000   Number         0  d2f.o ABSOLUTE
    ../../microlib/division.c                0x00000000   Number         0  uidiv.o ABSOLUTE
    ../../microlib/division.c                0x00000000   Number         0  uldiv.o ABSOLUTE
    ../../microlib/f2d.c                     0x00000000   Number         0  f2d.o ABSOLUTE
    ../../microlib/fpadd.c                   0x00000000   Number         0  dadd.o ABSOLUTE
    ../../microlib/fpdiv.c                   0x00000000   Number         0  ddiv.o ABSOLUTE
    ../../microlib/fpepilogue.c              0x00000000   Number         0  depilogue.o ABSOLUTE
    ../../microlib/fpepilogue.c              0x00000000   Number         0  fepilogue.o ABSOLUTE
    ../../microlib/fpfix.c                   0x00000000   Number         0  dfixul.o ABSOLUTE
    ../../microlib/fpflt.c                   0x00000000   Number         0  dflti.o ABSOLUTE
    ../../microlib/fpmul.c                   0x00000000   Number         0  dmul.o ABSOLUTE
    ../../microlib/fpmul.c                   0x00000000   Number         0  fmul.o ABSOLUTE
    ../../microlib/init/entry.s              0x00000000   Number         0  entry.o ABSOLUTE
    ../../microlib/init/entry.s              0x00000000   Number         0  entry5.o ABSOLUTE
    ../../microlib/init/entry.s              0x00000000   Number         0  entry2.o ABSOLUTE
    ../../microlib/init/entry.s              0x00000000   Number         0  entry7.o ABSOLUTE
    ../../microlib/longlong.c                0x00000000   Number         0  llushr.o ABSOLUTE
    ../../microlib/longlong.c                0x00000000   Number         0  llshl.o ABSOLUTE
    ../../microlib/longlong.c                0x00000000   Number         0  llsshr.o ABSOLUTE
    ../../microlib/printf/printf.c           0x00000000   Number         0  printf7.o ABSOLUTE
    ../../microlib/printf/printf.c           0x00000000   Number         0  printf8.o ABSOLUTE
    ../../microlib/printf/printf.c           0x00000000   Number         0  printfa.o ABSOLUTE
    ../../microlib/printf/printf.c           0x00000000   Number         0  printf1.o ABSOLUTE
    ../../microlib/printf/printf.c           0x00000000   Number         0  printfb.o ABSOLUTE
    ../../microlib/printf/printf.c           0x00000000   Number         0  printf0.o ABSOLUTE
    ../../microlib/printf/printf.c           0x00000000   Number         0  printf6.o ABSOLUTE
    ../../microlib/printf/printf.c           0x00000000   Number         0  printf2.o ABSOLUTE
    ../../microlib/printf/printf.c           0x00000000   Number         0  printf3.o ABSOLUTE
    ../../microlib/printf/printf.c           0x00000000   Number         0  printf4.o ABSOLUTE
    ../../microlib/printf/printf.c           0x00000000   Number         0  printf5.o ABSOLUTE
    ../../microlib/printf/stubs.s            0x00000000   Number         0  stubs.o ABSOLUTE
    ../../microlib/stdio/fputc.c             0x00000000   Number         0  fputc.o ABSOLUTE
    ../../microlib/stdio/streams.c           0x00000000   Number         0  stdout.o ABSOLUTE
    ../../microlib/string/strcat.c           0x00000000   Number         0  strcat.o ABSOLUTE
    ../../microlib/string/strcpy.c           0x00000000   Number         0  strcpy.o ABSOLUTE
    ../../microlib/stubs.s                   0x00000000   Number         0  iusesemip.o ABSOLUTE
    ../../microlib/stubs.s                   0x00000000   Number         0  iusefp.o ABSOLUTE
    ..\Common\src\Startup.s                  0x00000000   Number         0  startup.o ABSOLUTE
    ..\Common\src\irq.c                      0x00000000   Number         0  irq.o ABSOLUTE
    Serial.c                                 0x00000000   Number         0  serial.o ABSOLUTE
    adc.c                                    0x00000000   Number         0  adc.o ABSOLUTE
    cdrcmple.s                               0x00000000   Number         0  cdrcmple.o ABSOLUTE
    cfrcmple.s                               0x00000000   Number         0  cfrcmple.o ABSOLUTE
    dc.s                                     0x00000000   Number         0  dc.o ABSOLUTE
    gsm.c                                    0x00000000   Number         0  gsm.o ABSOLUTE
    handlers.s                               0x00000000   Number         0  handlers.o ABSOLUTE
    init.s                                   0x00000000   Number         0  init.o ABSOLUTE
    lcd.c                                    0x00000000   Number         0  lcd.o ABSOLUTE
    main.c                                   0x00000000   Number         0  main.o ABSOLUTE
    uart.c                                   0x00000000   Number         0  uart.o ABSOLUTE
    Undef_Handler                            0x00000040   ARM Code       4  startup.o(RESET)
    SWI_Handler                              0x00000044   ARM Code       4  startup.o(RESET)
    PAbt_Handler                             0x00000048   ARM Code       4  startup.o(RESET)
    DAbt_Handler                             0x0000004c   ARM Code       4  startup.o(RESET)
    IRQ_Handler                              0x00000050   ARM Code       4  startup.o(RESET)
    FIQ_Handler                              0x00000054   ARM Code       4  startup.o(RESET)
    .ARM.Collect$$$$00000000                 0x00000108   Section        0  entry.o(.ARM.Collect$$$$00000000)
    .ARM.Collect$$$$00000001                 0x00000108   Section        4  entry2.o(.ARM.Collect$$$$00000001)
    .ARM.Collect$$$$00000004                 0x0000010c   Section        4  entry5.o(.ARM.Collect$$$$00000004)
    .ARM.Collect$$$$00000007                 0x00000110   Section       12  entry7.o(.ARM.Collect$$$$00000007)
    .ARM.Collect$$$$00002712                 0x0000011c   Section        4  entry2.o(.ARM.Collect$$$$00002712)
    __lit__00000000                          0x0000011c   Data           4  entry2.o(.ARM.Collect$$$$00002712)
    .text                                    0x00000120   Section        0  uart.o(.text)
    .text                                    0x00000624   Section        0  irq.o(.text)
    .text                                    0x000007ac   Section        0  lcd.o(.text)
    .text                                    0x00000b58   Section        0  serial.o(.text)
    .text                                    0x00000ce4   Section        0  gsm.o(.text)
    .text                                    0x00001160   Section        0  adc.o(.text)
    .text                                    0x0000126c   Section        0  main.o(.text)
    .text                                    0x00001d78   Section        0  strcat.o(.text)
    .text                                    0x00001da4   Section        0  strcpy.o(.text)
    .text                                    0x00001dc0   Section        0  fmul.o(.text)
    .text                                    0x00001e48   Section        0  dmul.o(.text)
    .text                                    0x00001f94   Section        0  ddiv.o(.text)
    .text                                    0x00002128   Section        0  dflti.o(.text)
    .text                                    0x00002160   Section        0  f2d.o(.text)
    .text                                    0x00002198   Section        0  d2f.o(.text)
    .text                                    0x000021f8   Section       24  cfrcmple.o(.text)
    .text                                    0x00002210   Section        0  uidiv.o(.text)
    .text                                    0x0000224c   Section        0  uldiv.o(.text)
    .text                                    0x000022dc   Section        0  fepilogue.o(.text)
    .text                                    0x000022dc   Section        0  iusefp.o(.text)
    .text                                    0x000023b0   Section        0  depilogue.o(.text)
    .text                                    0x00002530   Section        0  dadd.o(.text)
    .text                                    0x00002734   Section        0  dfixul.o(.text)
    .text                                    0x00002780   Section      112  cdrcmple.o(.text)
    .text                                    0x000027f0   Section       48  init.o(.text)
    .text                                    0x00002820   Section        0  llshl.o(.text)
    .text                                    0x00002848   Section        0  llushr.o(.text)
    .text                                    0x0000286c   Section        0  llsshr.o(.text)
    i.__0sprintf                             0x00002894   Section        0  printfa.o(i.__0sprintf)
    i.__ARM_clz                              0x000028d0   Section        0  depilogue.o(i.__ARM_clz)
    i.__scatterload_copy                     0x00002914   Section       24  handlers.o(i.__scatterload_copy)
    i.__scatterload_null                     0x0000292c   Section        4  handlers.o(i.__scatterload_null)
    i.__scatterload_zeroinit                 0x00002930   Section       24  handlers.o(i.__scatterload_zeroinit)
    i._fp_digits                             0x00002948   Section        0  printfa.o(i._fp_digits)
    _fp_digits                               0x00002948   ARM Code     612  printfa.o(i._fp_digits)
    i._printf_core                           0x00002bac   Section        0  printfa.o(i._printf_core)
    _printf_core                             0x00002bac   ARM Code    2724  printfa.o(i._printf_core)
    i._printf_post_padding                   0x00003650   Section        0  printfa.o(i._printf_post_padding)
    _printf_post_padding                     0x00003650   ARM Code      68  printfa.o(i._printf_post_padding)
    i._printf_pre_padding                    0x00003694   Section        0  printfa.o(i._printf_pre_padding)
    _printf_pre_padding                      0x00003694   ARM Code      80  printfa.o(i._printf_pre_padding)
    i._sputc                                 0x000036e4   Section        0  printfa.o(i._sputc)
    _sputc                                   0x000036e4   ARM Code      20  printfa.o(i._sputc)
    .data                                    0x40000000   Section       28  uart.o(.data)
    sysreg                                   0x40000010   Data           4  uart.o(.data)
    .bss                                     0x4000001c   Section       32  uart.o(.bss)
    .bss                                     0x4000003c   Section      319  main.o(.bss)
    STACK                                    0x40000180   Section     1160  startup.o(STACK)
    Stack_Top                                0x40000608   Data           0  startup.o(STACK)

    Global Symbols

    Symbol Name                              Value     Ov Type        Size  Object(Section)

    BuildAttributes$$ARM_ISAv4$S$PE$A:L22$X:L11$S22$IEEE1$~IW$USESV6$~STKCKD$USESV7$~SHL$OTIME$ROPI$EBA8$MICROLIB$REQ8$PRES8$EABIv2 0x00000000   Number         0  anon$$obj.o ABSOLUTE
    __ARM_use_no_argv                        0x00000000   Number         0  main.o ABSOLUTE
    _printf_a                                0x00000000   Number         0  stubs.o ABSOLUTE
    _printf_c                                0x00000000   Number         0  stubs.o ABSOLUTE
    _printf_charcount                        0x00000000   Number         0  stubs.o ABSOLUTE
    _printf_d                                0x00000000   Number         0  stubs.o ABSOLUTE
    _printf_e                                0x00000000   Number         0  stubs.o ABSOLUTE
    _printf_f                                0x00000000   Number         0  stubs.o ABSOLUTE
    _printf_flags                            0x00000000   Number         0  stubs.o ABSOLUTE
    _printf_fp_dec                           0x00000000   Number         0  stubs.o ABSOLUTE
    _printf_fp_hex                           0x00000000   Number         0  stubs.o ABSOLUTE
    _printf_g                                0x00000000   Number         0  stubs.o ABSOLUTE
    _printf_i                                0x00000000   Number         0  stubs.o ABSOLUTE
    _printf_int_dec                          0x00000000   Number         0  stubs.o ABSOLUTE
    _printf_l                                0x00000000   Number         0  stubs.o ABSOLUTE
    _printf_lc                               0x00000000   Number         0  stubs.o ABSOLUTE
    _printf_ll                               0x00000000   Number         0  stubs.o ABSOLUTE
    _printf_lld                              0x00000000   Number         0  stubs.o ABSOLUTE
    _printf_lli                              0x00000000   Number         0  stubs.o ABSOLUTE
    _printf_llo                              0x00000000   Number         0  stubs.o ABSOLUTE
    _printf_llu                              0x00000000   Number         0  stubs.o ABSOLUTE
    _printf_llx                              0x00000000   Number         0  stubs.o ABSOLUTE
    _printf_longlong_dec                     0x00000000   Number         0  stubs.o ABSOLUTE
    _printf_longlong_hex                     0x00000000   Number         0  stubs.o ABSOLUTE
    _printf_longlong_oct                     0x00000000   Number         0  stubs.o ABSOLUTE
    _printf_ls                               0x00000000   Number         0  stubs.o ABSOLUTE
    _printf_mbtowc                           0x00000000   Number         0  stubs.o ABSOLUTE
    _printf_n                                0x00000000   Number         0  stubs.o ABSOLUTE
    _printf_o                                0x00000000   Number         0  stubs.o ABSOLUTE
    _printf_p                                0x00000000   Number         0  stubs.o ABSOLUTE
    _printf_percent                          0x00000000   Number         0  stubs.o ABSOLUTE
    _printf_pre_padding                      0x00000000   Number         0  stubs.o ABSOLUTE
    _printf_return_value                     0x00000000   Number         0  stubs.o ABSOLUTE
    _printf_s                                0x00000000   Number         0  stubs.o ABSOLUTE
    _printf_sizespec                         0x00000000   Number         0  stubs.o ABSOLUTE
    _printf_str                              0x00000000   Number         0  stubs.o ABSOLUTE
    _printf_truncate_signed                  0x00000000   Number         0  stubs.o ABSOLUTE
    _printf_truncate_unsigned                0x00000000   Number         0  stubs.o ABSOLUTE
    _printf_u                                0x00000000   Number         0  stubs.o ABSOLUTE
    _printf_wc                               0x00000000   Number         0  stubs.o ABSOLUTE
    _printf_wctomb                           0x00000000   Number         0  stubs.o ABSOLUTE
    _printf_widthprec                        0x00000000   Number         0  stubs.o ABSOLUTE
    _printf_x                                0x00000000   Number         0  stubs.o ABSOLUTE
    __decompress                              - Undefined Weak Reference
    Reset_Handler                            0x00000058   ARM Code       0  startup.o(RESET)
    __main                                   0x00000108   ARM Code       0  entry.o(.ARM.Collect$$$$00000000)
    _main_stk                                0x00000108   ARM Code       0  entry2.o(.ARM.Collect$$$$00000001)
    _main_scatterload                        0x0000010c   ARM Code       0  entry5.o(.ARM.Collect$$$$00000004)
    __main_after_scatterload                 0x00000110   ARM Code       0  entry5.o(.ARM.Collect$$$$00000004)
    _main_init                               0x00000110   ARM Code       0  entry7.o(.ARM.Collect$$$$00000007)
    UART0Handler                             0x00000120   ARM Code     384  uart.o(.text)
    UART1Handler                             0x000002a0   ARM Code     384  uart.o(.text)
    UARTInit                                 0x00000420   ARM Code     296  uart.o(.text)
    UARTSend                                 0x00000548   ARM Code     172  uart.o(.text)
    DefaultVICHandler                        0x00000624   ARM Code      20  irq.o(.text)
    init_VIC                                 0x00000638   ARM Code      92  irq.o(.text)
    install_irq                              0x00000694   ARM Code     132  irq.o(.text)
    uninstall_irq                            0x00000718   ARM Code     144  irq.o(.text)
    delay                                    0x000007ac   ARM Code      56  lcd.o(.text)
    wait_lcd                                 0x000007e4   ARM Code     124  lcd.o(.text)
    lcd_command_write                        0x00000860   ARM Code     212  lcd.o(.text)
    set_lcd_port_output                      0x00000934   ARM Code      56  lcd.o(.text)
    lcd_gotoxy                               0x0000096c   ARM Code      92  lcd.o(.text)
    lcd_data_write                           0x000009c8   ARM Code     160  lcd.o(.text)
    lcd_putchar                              0x00000a68   ARM Code      20  lcd.o(.text)
    lcd_putstring                            0x00000a7c   ARM Code      80  lcd.o(.text)
    init_lcd                                 0x00000acc   ARM Code      60  lcd.o(.text)
    test_cmd                                 0x00000b08   ARM Code      56  lcd.o(.text)
    clear                                    0x00000b40   ARM Code      16  lcd.o(.text)
    sendchar                                 0x00000b58   ARM Code      80  serial.o(.text)
    uart0_getkey                             0x00000ba8   ARM Code      32  serial.o(.text)
    uart1_getkey                             0x00000bc8   ARM Code      32  serial.o(.text)
    uart1_init                               0x00000be8   ARM Code      52  serial.o(.text)
    uart1_putc                               0x00000c1c   ARM Code      32  serial.o(.text)
    uart1_puts                               0x00000c3c   ARM Code      36  serial.o(.text)
    uart0_init                               0x00000c60   ARM Code      52  serial.o(.text)
    uart0_putc                               0x00000c94   ARM Code      32  serial.o(.text)
    uart0_puts                               0x00000cb4   ARM Code      36  serial.o(.text)
    recvResponse_1                           0x00000ce4   ARM Code      64  gsm.o(.text)
    intGsm                                   0x00000d24   ARM Code     152  gsm.o(.text)
    sendSMS                                  0x00000dbc   ARM Code     192  gsm.o(.text)
    getSMS                                   0x00000e7c   ARM Code     676  gsm.o(.text)
    deleteSms                                0x00001120   ARM Code      48  gsm.o(.text)
    init_adc0                                0x00001160   ARM Code      68  adc.o(.text)
    init_adc1                                0x000011a4   ARM Code       4  adc.o(.text)
    adc_read                                 0x000011a8   ARM Code     180  adc.o(.text)
    putSLcd                                  0x0000126c   ARM Code      36  main.o(.text)
    recvResponse123                          0x00001290   ARM Code      60  main.o(.text)
    recvResponse                             0x000012cc   ARM Code      76  main.o(.text)
    WIFI_CONNECT_Response                    0x00001318   ARM Code      60  main.o(.text)
    WIFI_RECEIVE_IP                          0x00001354   ARM Code      60  main.o(.text)
    recvResponse_DATA                        0x00001390   ARM Code      60  main.o(.text)
    Receive_Data                             0x000013cc   ARM Code      84  main.o(.text)
    intWIFI                                  0x00001420   ARM Code     400  main.o(.text)
    TEMP_MONITOR                             0x000015b0   ARM Code     692  main.o(.text)
    VOLTAGE_CHECK                            0x00001864   ARM Code     408  main.o(.text)
    FIRE_CHECK                               0x000019fc   ARM Code     184  main.o(.text)
    GAS_CHECK                                0x00001ab4   ARM Code     400  main.o(.text)
    main                                     0x00001c44   ARM Code     232  main.o(.text)
    strcat                                   0x00001d78   ARM Code      44  strcat.o(.text)
    strcpy                                   0x00001da4   ARM Code      28  strcpy.o(.text)
    __aeabi_fmul                             0x00001dc0   ARM Code     136  fmul.o(.text)
    __aeabi_dmul                             0x00001e48   ARM Code     332  dmul.o(.text)
    __aeabi_ddiv                             0x00001f94   ARM Code     404  ddiv.o(.text)
    __aeabi_i2d                              0x00002128   ARM Code      52  dflti.o(.text)
    __aeabi_f2d                              0x00002160   ARM Code      56  f2d.o(.text)
    __aeabi_d2f                              0x00002198   ARM Code      96  d2f.o(.text)
    __aeabi_cfrcmple                         0x000021f8   ARM Code      24  cfrcmple.o(.text)
    __aeabi_uidiv                            0x00002210   ARM Code       0  uidiv.o(.text)
    __aeabi_uidivmod                         0x00002210   ARM Code      60  uidiv.o(.text)
    __aeabi_uldivmod                         0x0000224c   ARM Code     144  uldiv.o(.text)
    __I$use$fp                               0x000022dc   ARM Code       0  iusefp.o(.text)
    _float_round                             0x000022dc   ARM Code      24  fepilogue.o(.text)
    _float_epilogue                          0x000022f4   ARM Code     188  fepilogue.o(.text)
    _double_round                            0x000023b0   ARM Code      80  depilogue.o(.text)
    _double_epilogue                         0x00002400   ARM Code     304  depilogue.o(.text)
    __aeabi_dadd                             0x00002530   ARM Code     500  dadd.o(.text)
    __aeabi_dsub                             0x00002724   ARM Code       8  dadd.o(.text)
    __aeabi_drsub                            0x0000272c   ARM Code       8  dadd.o(.text)
    __aeabi_d2ulz                            0x00002734   ARM Code      68  dfixul.o(.text)
    __aeabi_cdrcmple                         0x00002780   ARM Code     112  cdrcmple.o(.text)
    __scatterload                            0x000027f0   ARM Code      40  init.o(.text)
    __scatterload_rt2                        0x000027f0   ARM Code       0  init.o(.text)
    __aeabi_llsl                             0x00002820   ARM Code      40  llshl.o(.text)
    _ll_shift_l                              0x00002820   ARM Code       0  llshl.o(.text)
    __aeabi_llsr                             0x00002848   ARM Code      36  llushr.o(.text)
    _ll_ushift_r                             0x00002848   ARM Code       0  llushr.o(.text)
    __aeabi_lasr                             0x0000286c   ARM Code      40  llsshr.o(.text)
    _ll_sshift_r                             0x0000286c   ARM Code       0  llsshr.o(.text)
    __0sprintf                               0x00002894   ARM Code      56  printfa.o(i.__0sprintf)
    __1sprintf                               0x00002894   ARM Code       0  printfa.o(i.__0sprintf)
    __2sprintf                               0x00002894   ARM Code       0  printfa.o(i.__0sprintf)
    __c89sprintf                             0x00002894   ARM Code       0  printfa.o(i.__0sprintf)
    sprintf                                  0x00002894   ARM Code       0  printfa.o(i.__0sprintf)
    __ARM_clz                                0x000028d0   ARM Code      68  depilogue.o(i.__ARM_clz)
    __scatterload_copy                       0x00002914   ARM Code      24  handlers.o(i.__scatterload_copy)
    __scatterload_null                       0x0000292c   ARM Code       4  handlers.o(i.__scatterload_null)
    __scatterload_zeroinit                   0x00002930   ARM Code      24  handlers.o(i.__scatterload_zeroinit)
    Region$$Table$$Base                      0x000036f8   Number         0  anon$$obj.o(Region$$Table)
    Region$$Table$$Limit                     0x00003718   Number         0  anon$$obj.o(Region$$Table)
    UART0TxEmpty                             0x40000000   Data           1  uart.o(.data)
    UART0Count                               0x40000004   Data           4  uart.o(.data)
    UART1TxEmpty                             0x40000008   Data           1  uart.o(.data)
    UART1Count                               0x4000000c   Data           4  uart.o(.data)
    UART0Status                              0x40000014   Data           4  uart.o(.data)
    UART1Status                              0x40000018   Data           4  uart.o(.data)
    UART0Buffer                              0x4000001c   Data          16  uart.o(.bss)
    UART1Buffer                              0x4000002c   Data          16  uart.o(.bss)
    WIFI_D                                   0x4000003c   Data          20  main.o(.bss)
    sms_dat                                  0x40000050   Data         189  main.o(.bss)
    buf1                                     0x4000010d   Data          10  main.o(.bss)
    buf2                                     0x40000117   Data          10  main.o(.bss)
    buf                                      0x40000121   Data          10  main.o(.bss)
    IOT_BUFF                                 0x4000012b   Data          80  main.o(.bss)
    __initial_sp                             0x40000580   Data         136  startup.o(STACK)



==============================================================================

Memory Map of the image

  Image Entry point : 0x00000108

  Load Region LR_IROM1 (Base: 0x00000000, Size: 0x00003734, Max: 0x00080000, ABSOLUTE)

    Execution Region ER_IROM1 (Base: 0x00000000, Size: 0x00003718, Max: 0x00080000, ABSOLUTE)

    Base Addr    Size         Type   Attr      Idx    E Section Name        Object

    0x00000000   0x00000108   Code   RO            3    RESET               startup.o
    0x00000108   0x00000000   Code   RO          151  * .ARM.Collect$$$$00000000  entry.o(mc_4.l)
    0x00000108   0x00000004   Code   RO          433    .ARM.Collect$$$$00000001  entry2.o(mc_4.l)
    0x0000010c   0x00000004   Code   RO          435    .ARM.Collect$$$$00000004  entry5.o(mc_4.l)
    0x00000110   0x0000000c   Code   RO          436    .ARM.Collect$$$$00000007  entry7.o(mc_4.l)
    0x0000011c   0x00000004   Code   RO          434    .ARM.Collect$$$$00002712  entry2.o(mc_4.l)
    0x00000120   0x00000504   Code   RO            8    .text               uart.o
    0x00000624   0x00000188   Code   RO           40    .text               irq.o
    0x000007ac   0x000003ac   Code   RO           57    .text               lcd.o
    0x00000b58   0x0000018c   Code   RO           72    .text               serial.o
    0x00000ce4   0x0000047c   Code   RO           84    .text               gsm.o
    0x00001160   0x0000010c   Code   RO           99    .text               adc.o
    0x0000126c   0x00000b0c   Code   RO          114    .text               main.o
    0x00001d78   0x0000002c   Code   RO          154    .text               strcat.o(mc_4.l)
    0x00001da4   0x0000001c   Code   RO          156    .text               strcpy.o(mc_4.l)
    0x00001dc0   0x00000088   Code   RO          419    .text               fmul.o(mf_4.l)
    0x00001e48   0x0000014c   Code   RO          421    .text               dmul.o(mf_4.l)
    0x00001f94   0x00000194   Code   RO          423    .text               ddiv.o(mf_4.l)
    0x00002128   0x00000038   Code   RO          425    .text               dflti.o(mf_4.l)
    0x00002160   0x00000038   Code   RO          427    .text               f2d.o(mf_4.l)
    0x00002198   0x00000060   Code   RO          429    .text               d2f.o(mf_4.l)
    0x000021f8   0x00000018   Code   RO          431    .text               cfrcmple.o(mf_4.l)
    0x00002210   0x0000003c   Code   RO          440    .text               uidiv.o(mc_4.l)
    0x0000224c   0x00000090   Code   RO          442    .text               uldiv.o(mc_4.l)
    0x000022dc   0x00000000   Code   RO          444    .text               iusefp.o(mc_4.l)
    0x000022dc   0x000000d4   Code   RO          445    .text               fepilogue.o(mf_4.l)
    0x000023b0   0x00000180   Code   RO          447    .text               depilogue.o(mf_4.l)
    0x00002530   0x00000204   Code   RO          451    .text               dadd.o(mf_4.l)
    0x00002734   0x0000004c   Code   RO          453    .text               dfixul.o(mf_4.l)
    0x00002780   0x00000070   Code   RO          455    .text               cdrcmple.o(mf_4.l)
    0x000027f0   0x00000030   Code   RO          457    .text               init.o(mc_4.l)
    0x00002820   0x00000028   Code   RO          459    .text               llshl.o(mc_4.l)
    0x00002848   0x00000024   Code   RO          461    .text               llushr.o(mc_4.l)
    0x0000286c   0x00000028   Code   RO          463    .text               llsshr.o(mc_4.l)
    0x00002894   0x0000003c   Code   RO          393    i.__0sprintf        printfa.o(mc_4.l)
    0x000028d0   0x00000044   Code   RO          449    i.__ARM_clz         depilogue.o(mf_4.l)
    0x00002914   0x00000018   Code   RO          468    i.__scatterload_copy  handlers.o(mc_4.l)
    0x0000292c   0x00000004   Code   RO          469    i.__scatterload_null  handlers.o(mc_4.l)
    0x00002930   0x00000018   Code   RO          470    i.__scatterload_zeroinit  handlers.o(mc_4.l)
    0x00002948   0x00000264   Code   RO          398    i._fp_digits        printfa.o(mc_4.l)
    0x00002bac   0x00000aa4   Code   RO          399    i._printf_core      printfa.o(mc_4.l)
    0x00003650   0x00000044   Code   RO          400    i._printf_post_padding  printfa.o(mc_4.l)
    0x00003694   0x00000050   Code   RO          401    i._printf_pre_padding  printfa.o(mc_4.l)
    0x000036e4   0x00000014   Code   RO          403    i._sputc            printfa.o(mc_4.l)
    0x000036f8   0x00000020   Data   RO          466    Region$$Table       anon$$obj.o


    Execution Region RW_IRAM1 (Base: 0x40000000, Size: 0x00000608, Max: 0x00008000, ABSOLUTE)

    Base Addr    Size         Type   Attr      Idx    E Section Name        Object

    0x40000000   0x0000001c   Data   RW           10    .data               uart.o
    0x4000001c   0x00000020   Zero   RW            9    .bss                uart.o
    0x4000003c   0x0000013f   Zero   RW          115    .bss                main.o
    0x4000017b   0x00000005   PAD
    0x40000180   0x00000488   Zero   RW            1    STACK               startup.o


==============================================================================

Image component sizes


      Code (inc. data)   RO Data    RW Data    ZI Data      Debug   Object Name

       268         16          0          0          0        831   adc.o
      1148        120          0          0          0       2525   gsm.o
       392          4          0          0          0       1603   irq.o
       940          8          0          0          0       2351   lcd.o
      2828        584          0          0        319       5087   main.o
       396         12          0          0          0       1623   serial.o
       264         48          0          0       1160        300   startup.o
      1284         48          0         28         32       4500   uart.o

    ----------------------------------------------------------------------
      7520        840         32         28       1516      18820   Object Totals
         0          0         32          0          0          0   (incl. Generated)
         0          0          0          0          5          0   (incl. Padding)

    ----------------------------------------------------------------------

      Code (inc. data)   RO Data    RW Data    ZI Data      Debug   Library Member Name

       112          0          0          0          0         68   cdrcmple.o
        24          0          0          0          0         68   cfrcmple.o
        96          0          0          0          0         96   d2f.o
       516          0          0          0          0        128   dadd.o
       404          0          0          0          0        124   ddiv.o
       452          0          0          0          0        196   depilogue.o
        76          8          0          0          0         68   dfixul.o
        56          4          0          0          0         76   dflti.o
       332          0          0          0          0         96   dmul.o
         0          0          0          0          0          0   entry.o
         8          4          0          0          0          0   entry2.o
         4          0          0          0          0          0   entry5.o
        12          4          0          0          0          0   entry7.o
        56          0          0          0          0         68   f2d.o
       212          0          0          0          0        164   fepilogue.o
       136          0          0          0          0         68   fmul.o
        52          0          0          0          0          0   handlers.o
        48          8          0          0          0         68   init.o
         0          0          0          0          0          0   iusefp.o
        40          0          0          0          0         68   llshl.o
        40          0          0          0          0         68   llsshr.o
        36          0          0          0          0         68   llushr.o
      3564        100          0          0          0        512   printfa.o
        44          0          0          0          0         68   strcat.o
        28          0          0          0          0         68   strcpy.o
        60          0          0          0          0         76   uidiv.o
       144          0          0          0          0         88   uldiv.o

    ----------------------------------------------------------------------
      6552        128          0          0          0       2304   Library Totals
         0          0          0          0          0          0   (incl. Padding)

    ----------------------------------------------------------------------

      Code (inc. data)   RO Data    RW Data    ZI Data      Debug   Library Name

      4080        116          0          0          0       1084   mc_4.l
      2472         12          0          0          0       1220   mf_4.l

    ----------------------------------------------------------------------
      6552        128          0          0          0       2304   Library Totals

    ----------------------------------------------------------------------

==============================================================================


      Code (inc. data)   RO Data    RW Data    ZI Data      Debug   

     14072        968         32         28       1516      19424   Grand Totals
     14072        968         32         28       1516      19424   ELF Image Totals
     14072        968         32         28          0          0   ROM Totals

==============================================================================

    Total RO  Size (Code + RO Data)                14104 (  13.77kB)
    Total RW  Size (RW Data + ZI Data)              1544 (   1.51kB)
    Total ROM Size (Code + RO Data + RW Data)      14132 (  13.80kB)

==============================================================================

